[
  {
    "word": "gregarious",
    "lemma": "gregarious",
    "definition": "très sociable",
    "citation": "Despite his gregarious nature, he often felt like a fish out of water at formal soirées.",
    "to_learn": true
  },
  {
    "word": "fish out of water",
    "lemma": "fish out of water",
    "definition": "se sentir mal à l'aise",
    "citation": "Despite his gregarious nature, he often felt like a fish out of water at formal soirées.",
    "to_learn": true
  }
]
