[
  {
    "word": "downsize",
    "lemma": "to downsize",
    "definition": "réduire les effectifs",
    "citation": "The CEO's decision to downsize was a bitter pill to swallow, especially after the company's profits had skyrocketed.",
    "to_learn": true
  },
  {
    "word": "bitter pill to swallow",
    "lemma": "bitter pill to swallow",
    "definition": "chose difficile à accepter",
    "citation": "The CEO's decision to downsize was a bitter pill to swallow, especially after the company's profits had skyrocketed.",
    "to_learn": true
  },
  {
    "word": "skyrocketed",
    "lemma": "to skyrocket",
    "definition": "monter en flèche",
    "citation": "The CEO's decision to downsize was a bitter pill to swallow, especially after the company's profits had skyrocketed.",
    "to_learn": true
  }
]
