[
  {
    "word": "perfunctory",
    "lemma": "perfunctory",
    "definition": "superficiel, fait sans soin",
    "citation": "He whispered a perfunctory apology, hoping it would placate the crowd, but the tension remained palpable.",
    "to_learn": true
  },
  {
    "word": "placate",
    "lemma": "to placate",
    "definition": "apaiser",
    "citation": "He whispered a perfunctory apology, hoping it would placate the crowd, but the tension remained palpable.",
    "to_learn": true
  },
  {
    "word": "palpable",
    "lemma": "palpable",
    "definition": "perceptible, Ã©vident",
    "citation": "He whispered a perfunctory apology, hoping it would placate the crowd, but the tension remained palpable.",
    "to_learn": true
  }
]
