[
  {
    "word": "over the moon",
    "lemma": "over the moon",
    "definition": "très heureux",
    "citation": "She was over the moon when she finally cracked the enigmatic puzzle that had baffled her for weeks.",
    "to_learn": true
  },
  {
    "word": "baffled",
    "lemma": "to baffle",
    "definition": "déconcerter",
    "citation": "She was over the moon when she finally cracked the enigmatic puzzle that had baffled her for weeks.",
    "to_learn": true
  }
]
